19:05:58 **** Incremental Build of configuration Debug for project Queue ****
make -j16 all 
arm-none-eabi-gcc "../Core/Src/main.c" -mcpu=cortex-m4 -std=gnu11 -g3 -DDEBUG -DUSE_HAL_DRIVER -DSTM32F411xE -c -I../Core/Inc -I../Drivers/STM32F4xx_HAL_Driver/Inc -I../Drivers/STM32F4xx_HAL_Driver/Inc/Legacy -I../Drivers/CMSIS/Device/ST/STM32F4xx/Include -I../Drivers/CMSIS/Include -I../Middlewares/Third_Party/FreeRTOS/Source/include -I../Middlewares/Third_Party/FreeRTOS/Source/CMSIS_RTOS_V2 -I../Middlewares/Third_Party/FreeRTOS/Source/portable/GCC/ARM_CM4F -Os -ffunction-sections -fdata-sections -Wall -fstack-usage -fcyclomatic-complexity -MMD -MP -MF"Core/Src/main.d" -MT"Core/Src/main.o" --specs=nano.specs -mfpu=fpv4-sp-d16 -mfloat-abi=hard -mthumb -o "Core/Src/main.o"
arm-none-eabi-gcc -o "Queue.elf" @"objects.list"   -mcpu=cortex-m4 -T"C:\Users\HP\Desktop\RTOS_examples\Queue\STM32F411RETX_FLASH.ld" --specs=nosys.specs -Wl,-Map="Queue.map" -Wl,--gc-sections -static --specs=nano.specs -mfpu=fpv4-sp-d16 -mfloat-abi=hard -mthumb -Wl,--start-group -lc -lm -Wl,--end-group
Finished building target: Queue.elf
 
arm-none-eabi-size  Queue.elf 
arm-none-eabi-objdump -h -S Queue.elf  > "Queue.list"
   text	   data	    bss	    dec	    hex	filename
  12628	     96	  20984	  33708	   83ac	Queue.elf
Finished building: default.size.stdout
 
Finished building: Queue.list
 

19:05:59 Build Finished. 0 errors, 0 warnings. (took 1s.147ms)

