19:56:35 **** Incremental Build of configuration Debug for project StreamBuffer ****
make -j16 all 
arm-none-eabi-gcc "../Core/Src/main.c" -mcpu=cortex-m4 -std=gnu11 -g3 -DDEBUG -DUSE_HAL_DRIVER -DSTM32F411xE -c -I../Core/Inc -I../Drivers/STM32F4xx_HAL_Driver/Inc -I../Drivers/STM32F4xx_HAL_Driver/Inc/Legacy -I../Drivers/CMSIS/Device/ST/STM32F4xx/Include -I../Drivers/CMSIS/Include -I../Middlewares/Third_Party/FreeRTOS/Source/include -I../Middlewares/Third_Party/FreeRTOS/Source/CMSIS_RTOS_V2 -I../Middlewares/Third_Party/FreeRTOS/Source/portable/GCC/ARM_CM4F -Os -ffunction-sections -fdata-sections -Wall -fstack-usage -fcyclomatic-complexity -MMD -MP -MF"Core/Src/main.d" -MT"Core/Src/main.o" --specs=nano.specs -mfpu=fpv4-sp-d16 -mfloat-abi=hard -mthumb -o "Core/Src/main.o"
arm-none-eabi-gcc -o "StreamBuffer.elf" @"objects.list"   -mcpu=cortex-m4 -T"C:\Users\HP\Desktop\RTOS_examples\StreamBuffer\STM32F411RETX_FLASH.ld" --specs=nosys.specs -Wl,-Map="StreamBuffer.map" -Wl,--gc-sections -static --specs=nano.specs -mfpu=fpv4-sp-d16 -mfloat-abi=hard -mthumb -Wl,--start-group -lc -lm -Wl,--end-group
Finished building target: StreamBuffer.elf
 
arm-none-eabi-size  StreamBuffer.elf 
arm-none-eabi-objdump -h -S StreamBuffer.elf  > "StreamBuffer.list"
   text	   data	    bss	    dec	    hex	filename
  15992	     96	  20944	  37032	   90a8	StreamBuffer.elf
Finished building: default.size.stdout
 
Finished building: StreamBuffer.list
 

19:56:36 Build Finished. 0 errors, 0 warnings. (took 1s.172ms)

